// Jest Snapshot v1, https://goo.gl/fbAQLP

exports[`CircularProgress renders 1`] = `
<DocumentFragment>
  <div
    aria-valuemax="1"
    aria-valuemin="0"
    class="rmwc-circular-progress rmwc-circular-progress--indeterminate"
  >
    <svg
      class="rmwc-circular-progress__circle"
      viewBox="0 0 24 24"
    >
      <circle
        class="rmwc-circular-progress__path"
        cx="12"
        cy="12"
        r="10"
      />
    </svg>
  </div>
</DocumentFragment>
`;
